==145448== Memcheck, a memory error detector
==145448== Copyright (C) 2002-2017, and GNU GPL'd, by Julian Seward et al.
==145448== Using Valgrind-3.13.0 and LibVEX; rerun with -h for copyright info
==145448== Command: ./taskmanager
==145448== Parent PID: 111359
==145448== 
==145448== Invalid free() / delete / delete[] / realloc()
==145448==    at 0x4C30D3B: free (in /usr/lib/valgrind/vgpreload_memcheck-amd64-linux.so)
==145448==    by 0x10B1CE: main (main.c:130)
==145448==  Address 0x10b567 is in a r-x mapped file /u/riker/u96/cohen50/cs252/lab6/cs252-lab06/taskmanager segment
==145448== 
==145448== 
==145448== FILE DESCRIPTORS: 4 open at exit.
==145448== Open file descriptor 3: /u/riker/u96/cohen50/cs252/lab6/cs252-lab06/test.log
==145448==    <inherited from parent>
==145448== 
==145448== Open file descriptor 2: /dev/pts/153
==145448==    <inherited from parent>
==145448== 
==145448== Open file descriptor 1: /dev/pts/153
==145448==    <inherited from parent>
==145448== 
==145448== Open file descriptor 0: /dev/pts/153
==145448==    <inherited from parent>
==145448== 
==145448== 
==145448== HEAP SUMMARY:
==145448==     in use at exit: 0 bytes in 0 blocks
==145448==   total heap usage: 182,967 allocs, 183,014 frees, 479,243,186 bytes allocated
==145448== 
==145448== All heap blocks were freed -- no leaks are possible
==145448== 
==145448== For counts of detected and suppressed errors, rerun with: -v
==145448== ERROR SUMMARY: 47 errors from 1 contexts (suppressed: 0 from 0)
